Microchip MPLAB XC8 Compiler V2.40

Linker command line:

-W-3 \
  --edf=C:\Program Files\Microchip\xc8\v2.40\pic\dat\20220703182018_en.msgs \
  -cn -h+dist/default/production\proyecto.X.production.sym \
  --cmf=dist/default/production\proyecto.X.production.cmf -z -Q18F45K50 \
  -oC:\Users\blasg\AppData\Local\Temp\xcAsaag.5 --defsym=__MPLAB_BUILD=1 \
  --fixupoverflow=error -Mdist/default/production/proyecto.X.production.map \
  --md=C:\Users\blasg\AppData\Local\Temp\xcAsaag.dat -E1 -ver=XC8 Compiler \
  --acfsm=1493 -ACODE=00h-07FFFh -ACONST=00h-07FFFh \
  -ASMALLCONST=0800h-08FFhx120 -AMEDIUMCONST=0800h-07FFFh -ACOMRAM=01h-05Fh \
  -AABS1=00h-07FFh -ABIGRAM=01h-07FFh -ARAM=060h-0FFh,0100h-01FFhx7 \
  -ABANK0=060h-0FFh -ABANK1=0100h-01FFh -ABANK2=0200h-02FFh \
  -ABANK3=0300h-03FFh -ABANK4=0400h-04FFh -ABANK5=0500h-05FFh \
  -ABANK6=0600h-06FFh -ABANK7=0700h-07FFh -ASFR=0F53h-0F5Fh,0F60h-0FFFh \
  -ABIGSFR=0F53h-0FFFh -ACONFIG=0300000h-030000Dh -AIDLOC=0200000h-0200007h \
  -AEEDATA=0F00000h-0F000FFh -peeprom_data=EEDATA \
  -preset_vec=00h,intcode,intcodelo,powerup,init -pramtop=0800h \
  -psmallconst=SMALLCONST -pmediumconst=MEDIUMCONST -pconst=CONST \
  -AFARRAM=00h-00h \
  -prdata=COMRAM,nvrram=COMRAM,nvbit=COMRAM,rbss=COMRAM,rbit=COMRAM \
  -pfarbss=FARRAM,fardata=FARRAM,nvFARRAM=FARRAM \
  -pintsave_regs=BIGRAM,bigbss=BIGRAM,bigdata=BIGRAM -pbss=RAM \
  -pidata=CODE,irdata=CODE,ibigdata=CODE,ifardata=CODE -prparam=COMRAM \
  C:\Users\blasg\AppData\Local\Temp\xcAsaag.o \
  dist/default/production\proyecto.X.production.o 

Object code version is 3.11

Machine type is 18F45K50



                Name                               Link     Load   Length Selector   Space Scale
C:\Users\blasg\AppData\Local\Temp\xcAsaag.o
                idloc                            200000   200000        8        0       5
                config                           300000   300000        E        0       4
                init                                  0        0        4        0       0
dist/default/production\proyecto.X.production.o
                idloc                            200000   200000        8        0       5
                config                           300000   300000        E        0       4
                smallconst                          800      800       1C      400       0
                text28                             2E18     2E18       28      40E       0
                text27                             2D36     2D36       42      40E       0
                text26                             2A5E     2A5E       8A      40E       0
                text25                             1B26     1B26      39A      40E       0
                text24                             16FC     16FC      42A      40E       0
                text23                             22EA     22EA      1B4      40E       0
                text22                             27A6     27A6       C4      40E       0
                text21                             2E62     2E62        E      40E       0
                text20                             2E70     2E70        8      40E       0
                text19                             291E     291E       AA      40E       0
                text18                             25A4     25A4      104      40E       0
                text17                             2DB8     2DB8       38      40E       0
                text16                             123C     123C      4C0      40E       0
                text15                             2CAC     2CAC       46      40E       0
                text14                             249E     249E      106      40E       0
                text13                             26A8     26A8       FE      40E       0
                text12                             20D8     20D8      212      40E       0
                text11                             2B62     2B62       66      40E       0
                text10                             2BC8     2BC8       50      40E       0
                text9                              2C66     2C66       46      40E       0
                text8                              29C8     29C8       96      40E       0
                text7                              2CF2     2CF2       44      40E       0
                text6                              2AE8     2AE8       7A      40E       0
                text5                              2D78     2D78       40      40E       0
                text4                               81C      81C      A20      40E       0
                text3                              1EC0     1EC0      218      40E       0
                text2                              2C18     2C18       4E      40E       0
                text1                              2DF0     2DF0       28      40E       0
                text0                              286A     286A       B4      40E       0
                cstackCOMRAM                          1        1       5F        1       1
                cstackBANK0                          60       60       45       60       1
                bssBANK1                            100      100       50      100       1
                bssBANK0                             A5       A5        D       60       1
                cinit                              2E40     2E40       22      40E       0

TOTAL           Name                               Link     Load   Length     Space
        CLASS   CODE           
                init                                  0        0        4         0
                text28                             2E18     2E18       28         0
                text27                             2D36     2D36       42         0
                text26                             2A5E     2A5E       8A         0
                text25                             1B26     1B26      39A         0
                text24                             16FC     16FC      42A         0
                text23                             22EA     22EA      1B4         0
                text22                             27A6     27A6       C4         0
                text21                             2E62     2E62        E         0
                text20                             2E70     2E70        8         0
                text19                             291E     291E       AA         0
                text18                             25A4     25A4      104         0
                text17                             2DB8     2DB8       38         0
                text16                             123C     123C      4C0         0
                text15                             2CAC     2CAC       46         0
                text14                             249E     249E      106         0
                text13                             26A8     26A8       FE         0
                text12                             20D8     20D8      212         0
                text11                             2B62     2B62       66         0
                text10                             2BC8     2BC8       50         0
                text9                              2C66     2C66       46         0
                text8                              29C8     29C8       96         0
                text7                              2CF2     2CF2       44         0
                text6                              2AE8     2AE8       7A         0
                text5                              2D78     2D78       40         0
                text4                               81C      81C      A20         0
                text3                              1EC0     1EC0      218         0
                text2                              2C18     2C18       4E         0
                text1                              2DF0     2DF0       28         0
                text0                              286A     286A       B4         0
                cinit                              2E40     2E40       22         0

        CLASS   CONST          

        CLASS   SMALLCONST     
                smallconst                          800      800       1C         0

        CLASS   MEDIUMCONST    

        CLASS   COMRAM         
                cstackCOMRAM                          1        1       5F         1

        CLASS   ABS1           

        CLASS   BIGRAM         

        CLASS   RAM            

        CLASS   BANK0          
                cstackBANK0                          60       60       45         1
                bssBANK0                             A5       A5        D         1

        CLASS   BANK1          
                bssBANK1                            100      100       50         1

        CLASS   BANK2          

        CLASS   BANK3          

        CLASS   BANK4          

        CLASS   BANK5          

        CLASS   BANK6          

        CLASS   BANK7          

        CLASS   SFR            

        CLASS   BIGSFR         

        CLASS   CONFIG         
                config                           300000   300000        E         4

        CLASS   IDLOC          
                idloc                            200000   200000        8         5

        CLASS   EEDATA         

        CLASS   FARRAM         

        CLASS   HEAP           

        CLASS   STACK          



SEGMENTS        Name                           Load    Length   Top    Selector   Space  Class

                reset_vec                      000000  000004  000004         0       0  CODE    
                cstackCOMRAM                   000001  00005F  000060         1       1  COMRAM  
                cstackBANK0                    000060  000052  0000B2        60       1  BANK0   
                bssBANK1                       000100  000050  000150       100       1  BANK1   
                smallconst                     000800  00001C  00081C       400       0  SMALLCON
                text4                          00081C  00265C  002E78       40E       0  CODE    


UNUSED ADDRESS RANGES

        Name                Unused          Largest block    Delta
        BANK0            0000B2-0000FF               4E
        BANK1            000150-0001FF               B0
        BANK2            000200-0002FF              100
        BANK3            000300-0003FF              100
        BANK4            000400-0004FF              100
        BANK5            000500-0005FF              100
        BANK6            000600-0006FF              100
        BANK7            000700-0007FF              100
        BIGRAM           0000B2-0000FF               4E
                         000150-0007FF              6B0
        BIGSFR           000F53-000FFF               AD
        CODE             000004-0007FF              7FC
                         002E78-007FFF             5188
        CONST            000004-0007FF              7FC
                         002E78-007FFF             5188
        EEDATA           F00000-F000FF              100
        MEDIUMCONST      002E78-007FFF             5188
        RAM              0000B2-0000FF               4E
                         000150-0007FF              100
        SFR              000F53-000FFF                D
        SMALLCONST       002E78-007FFF              100

                                  Symbol Table

?_ObtenerDistancia         cstackCOMRAM 000033
?___fladd                  cstackCOMRAM 000001
?___fldiv                  cstackCOMRAM 00001A
?___flmul                  cstackCOMRAM 000001
?___flneg                  cstackCOMRAM 000001
?___flsub                  cstackCOMRAM 00001A
?___fltol                  cstackCOMRAM 000001
?___fpclassifyf            cstackCOMRAM 000001
?___xxtofl                 cstackCOMRAM 000001
?_floorf                   cstackCOMRAM 000033
?_labs                     cstackCOMRAM 000001
?_printf                   cstackBANK0  000097
?_vfprintf                 cstackCOMRAM 000058
ObtenerDistancia@distancia cstackCOMRAM 000037
ObtenerDistancia@tiempo    cstackCOMRAM 00003B
_ADCON1                    (abs)        000FC1
_ANSELD                    (abs)        000F5E
_Configuracion             text28       002E18
_LATBbits                  (abs)        000F8A
_LATD                      (abs)        000F8C
_LCD_Init                  text26       002A5E
_OSCCON                    (abs)        000FD3
_ObtenerDistancia          text22       0027A6
_PORTBbits                 (abs)        000F81
_T0CON                     (abs)        000FD5
_TMR0                      (abs)        000FD6
_TMR0_Init                 text21       002E62
_TRISBbits                 (abs)        000F93
_TRISD                     (abs)        000F95
_Ultrasonic_Init           text20       002E70
__HRAM                     (abs)        000000
__Habs1                    abs1         000000
__Hbank0                   bank0        000000
__Hbank1                   bank1        000000
__Hbank2                   bank2        000000
__Hbank3                   bank3        000000
__Hbank4                   bank4        000000
__Hbank5                   bank5        000000
__Hbank6                   bank6        000000
__Hbank7                   bank7        000000
__Hbigbss                  bigbss       000000
__Hbigdata                 bigdata      000000
__Hbigram                  bigram       000000
__Hbigsfr                  bigsfr       000000
__Hbss                     bss          000000
__HbssBANK0                bssBANK0     000000
__HbssBANK1                bssBANK1     000000
__Hcinit                   cinit        000000
__Hclrtext                 clrtext      000000
__Hcomram                  comram       000000
__Hconfig                  config       30000E
__Hconst                   const        000000
__HcstackBANK0             cstackBANK0  000000
__HcstackCOMRAM            cstackCOMRAM 000000
__Hdata                    data         000000
__Heeprom_data             eeprom_data  000000
__Hfarbss                  farbss       000000
__Hfardata                 fardata      000000
__Hheap                    heap         000000
__Hibigdata                ibigdata     000000
__Hidata                   idata        000000
__Hidloc                   idloc        200008
__Hifardata                ifardata     000000
__Hinit                    init         000004
__Hintcode                 intcode      000000
__Hintcode_body            intcode_body 000000
__Hintcodelo               intcodelo    000000
__Hintentry                intentry     000000
__Hintret                  intret       000000
__Hintsave_regs            intsave_regs 000000
__Hirdata                  irdata       000000
__Hmediumconst             mediumconst  000000
__HnvFARRAM                nvFARRAM     000000
__Hnvbit                   nvbit        000000
__Hnvrram                  nvrram       000000
__Hparam                   rparam       000000
__Hpowerup                 powerup      000000
__Hram                     ram          000000
__Hramtop                  ramtop       000800
__Hrbit                    rbit         000000
__Hrbss                    rbss         000000
__Hrdata                   rdata        000000
__Hreset_vec               reset_vec    000000
__Hrparam                  rparam       000000
__Hsfr                     sfr          000000
__Hsmallconst              smallconst   00081C
__Hspace_0                 (abs)        002E78
__Hspace_1                 (abs)        000150
__Hspace_2                 (abs)        000000
__Hspace_4                 (abs)        60000E
__Hstack                   stack        000000
__Hstruct                  struct       000000
__Htemp                    temp         000000
__Htext                    text         000000
__Htext0                   text0        000000
__Htext1                   text1        000000
__Htext10                  text10       000000
__Htext11                  text11       000000
__Htext12                  text12       000000
__Htext13                  text13       000000
__Htext14                  text14       000000
__Htext15                  text15       000000
__Htext16                  text16       000000
__Htext17                  text17       000000
__Htext18                  text18       000000
__Htext19                  text19       000000
__Htext2                   text2        000000
__Htext20                  text20       000000
__Htext21                  text21       000000
__Htext22                  text22       000000
__Htext23                  text23       000000
__Htext24                  text24       000000
__Htext25                  text25       000000
__Htext26                  text26       000000
__Htext27                  text27       000000
__Htext28                  text28       000000
__Htext3                   text3        000000
__Htext4                   text4        000000
__Htext5                   text5        000000
__Htext6                   text6        000000
__Htext7                   text7        000000
__Htext8                   text8        000000
__Htext9                   text9        000000
__LRAM                     (abs)        000001
__Labs1                    abs1         000000
__Lbank0                   bank0        000000
__Lbank1                   bank1        000000
__Lbank2                   bank2        000000
__Lbank3                   bank3        000000
__Lbank4                   bank4        000000
__Lbank5                   bank5        000000
__Lbank6                   bank6        000000
__Lbank7                   bank7        000000
__Lbigbss                  bigbss       000000
__Lbigdata                 bigdata      000000
__Lbigram                  bigram       000000
__Lbigsfr                  bigsfr       000000
__Lbss                     bss          000000
__LbssBANK0                bssBANK0     000000
__LbssBANK1                bssBANK1     000000
__Lcinit                   cinit        000000
__Lclrtext                 clrtext      000000
__Lcomram                  comram       000000
__Lconfig                  config       000000
__Lconst                   const        000000
__LcstackBANK0             cstackBANK0  000000
__LcstackCOMRAM            cstackCOMRAM 000000
__Ldata                    data         000000
__Leeprom_data             eeprom_data  000000
__Lfarbss                  farbss       000000
__Lfardata                 fardata      000000
__Lheap                    heap         000000
__Libigdata                ibigdata     000000
__Lidata                   idata        000000
__Lidloc                   idloc        000000
__Lifardata                ifardata     000000
__Linit                    init         000000
__Lintcode                 intcode      000000
__Lintcode_body            intcode_body 000000
__Lintcodelo               intcodelo    000000
__Lintentry                intentry     000000
__Lintret                  intret       000000
__Lintsave_regs            intsave_regs 000000
__Lirdata                  irdata       000000
__Lmediumconst             mediumconst  000000
__LnvFARRAM                nvFARRAM     000000
__Lnvbit                   nvbit        000000
__Lnvrram                  nvrram       000000
__Lparam                   rparam       000000
__Lpowerup                 powerup      000000
__Lram                     ram          000000
__Lramtop                  ramtop       000800
__Lrbit                    rbit         000000
__Lrbss                    rbss         000000
__Lrdata                   rdata        000000
__Lreset_vec               reset_vec    000000
__Lrparam                  rparam       000000
__Lsfr                     sfr          000000
__Lsmallconst              smallconst   000800
__Lspace_0                 (abs)        000000
__Lspace_1                 (abs)        000000
__Lspace_2                 (abs)        000000
__Lspace_4                 (abs)        000000
__Lstack                   stack        000000
__Lstruct                  struct       000000
__Ltemp                    temp         000000
__Ltext                    text         000000
__Ltext0                   text0        000000
__Ltext1                   text1        000000
__Ltext10                  text10       000000
__Ltext11                  text11       000000
__Ltext12                  text12       000000
__Ltext13                  text13       000000
__Ltext14                  text14       000000
__Ltext15                  text15       000000
__Ltext16                  text16       000000
__Ltext17                  text17       000000
__Ltext18                  text18       000000
__Ltext19                  text19       000000
__Ltext2                   text2        000000
__Ltext20                  text20       000000
__Ltext21                  text21       000000
__Ltext22                  text22       000000
__Ltext23                  text23       000000
__Ltext24                  text24       000000
__Ltext25                  text25       000000
__Ltext26                  text26       000000
__Ltext27                  text27       000000
__Ltext28                  text28       000000
__Ltext3                   text3        000000
__Ltext4                   text4        000000
__Ltext5                   text5        000000
__Ltext6                   text6        000000
__Ltext7                   text7        000000
__Ltext8                   text8        000000
__Ltext9                   text9        000000
__S0                       (abs)        002E78
__S1                       (abs)        000150
__S4                       (abs)        000000
__S5                       (abs)        000000
___fladd                   text16       00123C
___fladd@a                 cstackCOMRAM 000005
___fladd@aexp              cstackCOMRAM 00000E
___fladd@b                 cstackCOMRAM 000001
___fladd@bexp              cstackCOMRAM 00000F
___fladd@grs               cstackCOMRAM 000010
___fladd@signs             cstackCOMRAM 00000D
___fldiv                   text25       001B26
___fldiv@a                 cstackCOMRAM 00001E
___fldiv@aexp              cstackCOMRAM 000032
___fldiv@b                 cstackCOMRAM 00001A
___fldiv@bexp              cstackCOMRAM 000031
___fldiv@grs               cstackCOMRAM 00002D
___fldiv@new_exp           cstackCOMRAM 00002B
___fldiv@rem               cstackCOMRAM 000026
___fldiv@sign              cstackCOMRAM 00002A
___fleq                    text19       00291E
___fleq@ff1                cstackCOMRAM 000001
___fleq@ff2                cstackCOMRAM 000005
___flge                    text18       0025A4
___flge@ff1                cstackCOMRAM 00001A
___flge@ff2                cstackCOMRAM 00001E
___flmul                   text24       0016FC
___flmul@a                 cstackCOMRAM 000005
___flmul@aexp              cstackCOMRAM 000012
___flmul@b                 cstackCOMRAM 000001
___flmul@bexp              cstackCOMRAM 000013
___flmul@grs               cstackCOMRAM 00000E
___flmul@prod              cstackCOMRAM 000014
___flmul@sign              cstackCOMRAM 00000D
___flmul@temp              cstackCOMRAM 000018
___flneg                   text17       002DB8
___flneg@f1                cstackCOMRAM 000001
___flsub                   text15       002CAC
___flsub@a                 cstackCOMRAM 00001E
___flsub@b                 cstackCOMRAM 00001A
___fltol                   text14       00249E
___fltol@exp1              cstackCOMRAM 00000A
___fltol@f1                cstackCOMRAM 000001
___fltol@sign1             cstackCOMRAM 000009
___fpclassifyf             text13       0026A8
___fpclassifyf@F465        bssBANK0     0000A9
___fpclassifyf@e           cstackCOMRAM 000009
___fpclassifyf@u           cstackCOMRAM 00000B
___fpclassifyf@x           cstackCOMRAM 000001
___heap_hi                 (abs)        000000
___heap_lo                 (abs)        000000
___inthi_sp                stack        000000
___intlo_sp                stack        000000
___param_bank              (abs)        000000
___rparam_used             (abs)        000001
___sp                      stack        000000
___xxtofl                  text23       0022EA
___xxtofl@arg              cstackCOMRAM 00000B
___xxtofl@exp              cstackCOMRAM 00000A
___xxtofl@sign             cstackCOMRAM 000009
___xxtofl@val              cstackCOMRAM 000001
__accesstop                (abs)        000060
__activetblptr             (abs)        000002
__end_of_Configuracion     text28       002E40
__end_of_LCD_Init          text26       002AE8
__end_of_ObtenerDistancia  text22       00286A
__end_of_TMR0_Init         text21       002E70
__end_of_Ultrasonic_Init   text20       002E78
__end_of___fladd           text16       0016FC
__end_of___fldiv           text25       001EC0
__end_of___fleq            text19       0029C8
__end_of___flge            text18       0026A8
__end_of___flmul           text24       001B26
__end_of___flneg           text17       002DF0
__end_of___flsub           text15       002CF2
__end_of___fltol           text14       0025A4
__end_of___fpclassifyf     text13       0027A6
__end_of___xxtofl          text23       00249E
__end_of__initialization   cinit        002E58
__end_of_efgtoa            text4        00123C
__end_of_floorf            text12       0022EA
__end_of_fputc             text8        002A5E
__end_of_fputs             text7        002D36
__end_of_labs              text11       002BC8
__end_of_main              text0        00291E
__end_of_memcpy            text10       002C18
__end_of_pad               text6        002B62
__end_of_printf            text1        002E18
__end_of_putch             text9        002CAC
__end_of_putcm             text27       002D78
__end_of_strcpy            text5        002DB8
__end_of_vfpfcnvrt         text3        0020D8
__end_of_vfprintf          text2        002C66
__initialization           cinit        002E40
__mediumconst              mediumconst  000000
__pbssBANK0                bssBANK0     0000A5
__pbssBANK1                bssBANK1     000100
__pcinit                   cinit        002E40
__pcstackBANK0             cstackBANK0  000060
__pcstackCOMRAM            cstackCOMRAM 000001
__psmallconst              smallconst   000800
__ptext0                   text0        00286A
__ptext1                   text1        002DF0
__ptext10                  text10       002BC8
__ptext11                  text11       002B62
__ptext12                  text12       0020D8
__ptext13                  text13       0026A8
__ptext14                  text14       00249E
__ptext15                  text15       002CAC
__ptext16                  text16       00123C
__ptext17                  text17       002DB8
__ptext18                  text18       0025A4
__ptext19                  text19       00291E
__ptext2                   text2        002C18
__ptext20                  text20       002E70
__ptext21                  text21       002E62
__ptext22                  text22       0027A6
__ptext23                  text23       0022EA
__ptext24                  text24       0016FC
__ptext25                  text25       001B26
__ptext26                  text26       002A5E
__ptext27                  text27       002D36
__ptext28                  text28       002E18
__ptext3                   text3        001EC0
__ptext4                   text4        00081C
__ptext5                   text5        002D78
__ptext6                   text6        002AE8
__ptext7                   text7        002CF2
__ptext8                   text8        0029C8
__ptext9                   text9        002C66
__ramtop                   ramtop       000800
__smallconst               smallconst   000800
_dbuf                      bssBANK1     000100
_efgtoa                    text4        00081C
_efgtoa$774                cstackBANK0  000066
_flags                     bssBANK0     0000B1
_floorf                    text12       0020D8
_fputc                     text8        0029C8
_fputs                     text7        002CF2
_labs                      text11       002B62
_main                      text0        00286A
_memcpy                    text10       002BC8
_pad                       text6        002AE8
_prec                      bssBANK0     0000AF
_printf                    text1        002DF0
_putch                     text9        002C66
_putcm                     text27       002D36
_strcpy                    text5        002D78
_vfpfcnvrt                 text3        001EC0
_vfprintf                  text2        002C18
_width                     bssBANK0     0000AD
efgtoa@c                   cstackCOMRAM 00004D
efgtoa@d                   cstackBANK0  00006B
efgtoa@e                   cstackBANK0  00006F
efgtoa@f                   cstackCOMRAM 000049
efgtoa@fp                  cstackCOMRAM 000047
efgtoa@g                   cstackBANK0  000084
efgtoa@h                   cstackBANK0  000079
efgtoa@i                   cstackBANK0  000077
efgtoa@l                   cstackBANK0  00007D
efgtoa@m                   cstackBANK0  00006D
efgtoa@mode                cstackBANK0  000069
efgtoa@n                   cstackBANK0  000082
efgtoa@ne                  cstackBANK0  000060
efgtoa@nmode               cstackBANK0  00006A
efgtoa@ou                  cstackBANK0  000073
efgtoa@p                   cstackBANK0  000062
efgtoa@pp                  cstackBANK0  000068
efgtoa@sign                cstackBANK0  000081
efgtoa@t                   cstackBANK0  000064
efgtoa@u                   cstackBANK0  000088
efgtoa@w                   cstackBANK0  000071
end_of_initialization      cinit        002E58
floorf@F526                bssBANK0     0000A5
floorf@e                   cstackCOMRAM 000041
floorf@m                   cstackCOMRAM 00003D
floorf@u                   cstackCOMRAM 000043
floorf@x                   cstackCOMRAM 000033
fputc@c                    cstackCOMRAM 000004
fputc@fp                   cstackCOMRAM 000006
fputs@c                    cstackCOMRAM 000011
fputs@fp                   cstackCOMRAM 00000F
fputs@i                    cstackCOMRAM 000012
fputs@s                    cstackCOMRAM 00000D
intlevel0                  text         000000
intlevel1                  text         000000
intlevel2                  text         000000
intlevel3                  text         000000
isa$std                    (abs)        000001
isa$xinst                  (abs)        000000
labs@a                     cstackCOMRAM 000001
main@distancia             cstackBANK0  0000A1
memcpy@d                   cstackCOMRAM 000007
memcpy@d1                  cstackCOMRAM 000001
memcpy@n                   cstackCOMRAM 000005
memcpy@s                   cstackCOMRAM 000009
memcpy@s1                  cstackCOMRAM 000003
memcpy@tmp                 cstackCOMRAM 00000B
pad@buf                    cstackCOMRAM 000016
pad@fp                     cstackCOMRAM 000014
pad@i                      cstackCOMRAM 00001B
pad@p                      cstackCOMRAM 000018
pad@w                      cstackCOMRAM 00001D
printf@ap                  cstackBANK0  00009D
printf@fmt                 cstackBANK0  000097
putch@Activa               cstackCOMRAM 000003
putch@data                 cstackCOMRAM 000002
putcm@Activa               cstackCOMRAM 000003
putcm@data                 cstackCOMRAM 000002
stackhi                    (abs)        000000
stacklo                    (abs)        000000
start                      init         000000
start_initialization       cinit        002E40
strcpy@d                   cstackCOMRAM 000007
strcpy@dest                cstackCOMRAM 000001
strcpy@s                   cstackCOMRAM 000005
strcpy@src                 cstackCOMRAM 000003
vfpfcnvrt@ap               cstackCOMRAM 000054
vfpfcnvrt@c                cstackBANK0  000094
vfpfcnvrt@convarg          cstackBANK0  00008C
vfpfcnvrt@cp               cstackBANK0  000095
vfpfcnvrt@fmt              cstackCOMRAM 000052
vfpfcnvrt@fp               cstackCOMRAM 000050
vfprintf@ap                cstackCOMRAM 00005C
vfprintf@cfmt              cstackCOMRAM 00005E
vfprintf@fmt               cstackCOMRAM 00005A
vfprintf@fp                cstackCOMRAM 000058


MODULE INFORMATION

Module		Function		Class		Link	Load	Size
C:\Program Files\Microchip\xc8\v2.40\pic\sources\c99\common\sprcmul.c
		___flmul       		CODE           	16FC	0000	1066

C:\Program Files\Microchip\xc8\v2.40\pic\sources\c99\common\sprcmul.c estimated size: 1066

C:\Program Files\Microchip\xc8\v2.40\pic\sources\c99\common\nf_fputc.c
		_fputc         		CODE           	29C8	0000	150

C:\Program Files\Microchip\xc8\v2.40\pic\sources\c99\common\nf_fputc.c estimated size: 150

C:\Program Files\Microchip\xc8\v2.40\pic\sources\c99\common\sprcdiv.c
		___fldiv       		CODE           	1B26	0000	922

C:\Program Files\Microchip\xc8\v2.40\pic\sources\c99\common\sprcdiv.c estimated size: 922

C:\Program Files\Microchip\xc8\v2.40\pic\sources\c99\common\memcpy.c
		_memcpy        		CODE           	2BC8	0000	80

C:\Program Files\Microchip\xc8\v2.40\pic\sources\c99\common\memcpy.c estimated size: 80

C:\Program Files\Microchip\xc8\v2.40\pic\sources\c99\common\fltol.c
		___fltol       		CODE           	249E	0000	262

C:\Program Files\Microchip\xc8\v2.40\pic\sources\c99\common\fltol.c estimated size: 262

C:\Program Files\Microchip\xc8\v2.40\pic\sources\c99\common\fleq.c
		___fleq        		CODE           	291E	0000	170

C:\Program Files\Microchip\xc8\v2.40\pic\sources\c99\common\fleq.c estimated size: 170

PF.c
		_putcm         		CODE           	2D36	0000	66
		_LCD_Init      		CODE           	2A5E	0000	138
		_putch         		CODE           	2C66	0000	70
		_Ultrasonic_Init		CODE           	2E70	0000	8
		_main          		CODE           	286A	0000	180
		_TMR0_Init     		CODE           	2E62	0000	14
		_Configuracion 		CODE           	2E18	0000	40
		_ObtenerDistancia		CODE           	27A6	0000	196

PF.c estimated size: 712

C:\Program Files\Microchip\xc8\v2.40\pic\sources\c99\common\printf.c
		_printf        		CODE           	2DF0	0000	40

C:\Program Files\Microchip\xc8\v2.40\pic\sources\c99\common\printf.c estimated size: 40

C:\Program Files\Microchip\xc8\v2.40\pic\sources\c99\common\__fpclassifyf.c
		___fpclassifyf 		CODE           	26A8	0000	254

C:\Program Files\Microchip\xc8\v2.40\pic\sources\c99\common\__fpclassifyf.c estimated size: 254

C:\Program Files\Microchip\xc8\v2.40\pic\sources\c99\common\sprcadd.c
		___flsub       		CODE           	2CAC	0000	70
		___fladd       		CODE           	123C	0000	1216

C:\Program Files\Microchip\xc8\v2.40\pic\sources\c99\common\sprcadd.c estimated size: 1286

C:\Program Files\Microchip\xc8\v2.40\pic\sources\c99\common\floorf.c
		_floorf        		CODE           	20D8	0000	530

C:\Program Files\Microchip\xc8\v2.40\pic\sources\c99\common\floorf.c estimated size: 530

C:\Program Files\Microchip\xc8\v2.40\pic\sources\c99\common\flneg.c
		___flneg       		CODE           	2DB8	0000	56

C:\Program Files\Microchip\xc8\v2.40\pic\sources\c99\common\flneg.c estimated size: 56

C:\Program Files\Microchip\xc8\v2.40\pic\sources\c99\common\labs.c
		_labs          		CODE           	2B62	0000	102

C:\Program Files\Microchip\xc8\v2.40\pic\sources\c99\common\labs.c estimated size: 102

C:\Program Files\Microchip\xc8\v2.40\pic\sources\c99\common\xxtofl.c
		___xxtofl      		CODE           	22EA	0000	436

C:\Program Files\Microchip\xc8\v2.40\pic\sources\c99\common\xxtofl.c estimated size: 436

C:\Program Files\Microchip\xc8\v2.40\pic\sources\c99\common\nf_fputs.c
		_fputs         		CODE           	2CF2	0000	68

C:\Program Files\Microchip\xc8\v2.40\pic\sources\c99\common\nf_fputs.c estimated size: 68

shared
		__initialization		CODE           	2E40	0000	24

shared estimated size: 24

C:\Program Files\Microchip\xc8\v2.40\pic\sources\c99\common\strcpy.c
		_strcpy        		CODE           	2D78	0000	64

C:\Program Files\Microchip\xc8\v2.40\pic\sources\c99\common\strcpy.c estimated size: 64

C:\Program Files\Microchip\xc8\v2.40\pic\sources\c99\common\flge.c
		___flge        		CODE           	25A4	0000	260

C:\Program Files\Microchip\xc8\v2.40\pic\sources\c99\common\flge.c estimated size: 260

C:\Program Files\Microchip\xc8\v2.40\pic\sources\c99\common\doprnt.c
		_vfpfcnvrt     		CODE           	1EC0	0000	536
		_efgtoa        		CODE           	081C	0000	2592
		_pad           		CODE           	2AE8	0000	122
		_vfprintf      		CODE           	2C18	0000	78

C:\Program Files\Microchip\xc8\v2.40\pic\sources\c99\common\doprnt.c estimated size: 3328

