Microchip MPLAB XC8 Compiler V2.40

Linker command line:

-W-3 \
  --edf=C:\Program Files\Microchip\xc8\v2.40\pic\dat\20220703182018_en.msgs \
  -cn -h+dist/default/debug\proyecto.X.debug.sym \
  --cmf=dist/default/debug\proyecto.X.debug.cmf -z -Q18F45K50 \
  -oC:\Users\blasg\AppData\Local\Temp\xcAs3vc.4 --defsym=__MPLAB_BUILD=1 \
  --fixupoverflow=error -Mdist/default/debug/proyecto.X.debug.map \
  --md=C:\Users\blasg\AppData\Local\Temp\xcAs3vc.dat -E1 -ver=XC8 Compiler \
  --acfsm=1493 -ACODE=00h-07FFFh -ACONST=00h-07FFFh \
  -ASMALLCONST=0800h-08FFhx120 -AMEDIUMCONST=0800h-07FFFh -ACOMRAM=01h-05Fh \
  -AABS1=00h-07FFh -ABIGRAM=01h-07FFh -ARAM=060h-0FFh,0100h-01FFhx7 \
  -ABANK0=060h-0FFh -ABANK1=0100h-01FFh -ABANK2=0200h-02FFh \
  -ABANK3=0300h-03FFh -ABANK4=0400h-04FFh -ABANK5=0500h-05FFh \
  -ABANK6=0600h-06FFh -ABANK7=0700h-07FFh -ASFR=0F53h-0F5Fh,0F60h-0FFFh \
  -ABIGSFR=0F53h-0FFFh -ACONFIG=0300000h-030000Dh -AIDLOC=0200000h-0200007h \
  -AEEDATA=0F00000h-0F000FFh -peeprom_data=EEDATA \
  -preset_vec=00h,intcode,intcodelo,powerup,init -pramtop=0800h \
  -psmallconst=SMALLCONST -pmediumconst=MEDIUMCONST -pconst=CONST \
  -AFARRAM=00h-00h \
  -prdata=COMRAM,nvrram=COMRAM,nvbit=COMRAM,rbss=COMRAM,rbit=COMRAM \
  -pfarbss=FARRAM,fardata=FARRAM,nvFARRAM=FARRAM \
  -pintsave_regs=BIGRAM,bigbss=BIGRAM,bigdata=BIGRAM -pbss=RAM \
  -pidata=CODE,irdata=CODE,ibigdata=CODE,ifardata=CODE -prparam=COMRAM \
  C:\Users\blasg\AppData\Local\Temp\xcAs3vc.o \
  dist/default/debug\proyecto.X.debug.o 

Object code version is 3.11

Machine type is 18F45K50



                Name                               Link     Load   Length Selector   Space Scale
C:\Users\blasg\AppData\Local\Temp\xcAs3vc.o
                idloc                            200000   200000        8        0       5
                config                           300000   300000        E        0       4
                init                                  0        0        4        0       0
dist/default/debug\proyecto.X.debug.o
                idloc                            200000   200000        8        0       5
                config                           300000   300000        E        0       4
                smallconst                          800      800       14      400       0
                text17                             1264     1264       2C      40A       0
                text16                             11E2     11E2       42      40A       0
                text15                             1006     1006       8A      40A       0
                text14                             12E0     12E0        A      40A       0
                text13                             12D2     12D2        E      40A       0
                text12                             12EA     12EA        8      40A       0
                text11                              A90      A90      188      40A       0
                text10                              C18      C18      164      40A       0
                text9                              1224     1224       40      40A       0
                text8                              1158     1158       46      40A       0
                text7                               F70      F70       96      40A       0
                text6                              119E     119E       44      40A       0
                text5                              1090     1090       7A      40A       0
                text4                               814      814      27C      40A       0
                text3                               D7C      D7C      14E      40A       0
                text2                              110A     110A       4E      40A       0
                text1                              1290     1290       28      40A       0
                text0                               ECA      ECA       A6      40A       0
                cstackCOMRAM                          1        1       5F        1       1
                cstackBANK0                          85       85        6       60       1
                bssBANK0                             60       60       25       60       1
                cinit                              12B8     12B8       1A      40A       0

TOTAL           Name                               Link     Load   Length     Space
        CLASS   CODE           
                init                                  0        0        4         0
                text17                             1264     1264       2C         0
                text16                             11E2     11E2       42         0
                text15                             1006     1006       8A         0
                text14                             12E0     12E0        A         0
                text13                             12D2     12D2        E         0
                text12                             12EA     12EA        8         0
                text11                              A90      A90      188         0
                text10                              C18      C18      164         0
                text9                              1224     1224       40         0
                text8                              1158     1158       46         0
                text7                               F70      F70       96         0
                text6                              119E     119E       44         0
                text5                              1090     1090       7A         0
                text4                               814      814      27C         0
                text3                               D7C      D7C      14E         0
                text2                              110A     110A       4E         0
                text1                              1290     1290       28         0
                text0                               ECA      ECA       A6         0
                cinit                              12B8     12B8       1A         0

        CLASS   CONST          

        CLASS   SMALLCONST     
                smallconst                          800      800       14         0

        CLASS   MEDIUMCONST    

        CLASS   COMRAM         
                cstackCOMRAM                          1        1       5F         1

        CLASS   ABS1           

        CLASS   BIGRAM         

        CLASS   RAM            

        CLASS   BANK0          
                cstackBANK0                          85       85        6         1
                bssBANK0                             60       60       25         1

        CLASS   BANK1          

        CLASS   BANK2          

        CLASS   BANK3          

        CLASS   BANK4          

        CLASS   BANK5          

        CLASS   BANK6          

        CLASS   BANK7          

        CLASS   SFR            

        CLASS   BIGSFR         

        CLASS   CONFIG         
                config                           300000   300000        E         4

        CLASS   IDLOC          
                idloc                            200000   200000        8         5

        CLASS   EEDATA         

        CLASS   FARRAM         

        CLASS   HEAP           

        CLASS   STACK          



SEGMENTS        Name                           Load    Length   Top    Selector   Space  Class

                reset_vec                      000000  000004  000004         0       0  CODE    
                cstackCOMRAM                   000001  00005F  000060         1       1  COMRAM  
                bssBANK0                       000060  00002B  00008B        60       1  BANK0   
                smallconst                     000800  000014  000814       400       0  SMALLCON
                text4                          000814  000ADE  0012F2       40A       0  CODE    


UNUSED ADDRESS RANGES

        Name                Unused          Largest block    Delta
        BANK0            00008B-0000FF               75
        BANK1            000100-0001FF              100
        BANK2            000200-0002FF              100
        BANK3            000300-0003FF              100
        BANK4            000400-0004FF              100
        BANK5            000500-0005FF              100
        BANK6            000600-0006FF              100
        BANK7            000700-0007FF              100
        BIGRAM           00008B-0007FF              775
        BIGSFR           000F53-000FFF               AD
        CODE             000004-0007FF              7FC
                         0012F2-007FFF             6D0E
        CONST            000004-0007FF              7FC
                         0012F2-007FFF             6D0E
        EEDATA           F00000-F000FF              100
        MEDIUMCONST      0012F2-007FFF             6D0E
        RAM              00008B-0007FF              100
        SFR              000F53-000FFF                D
        SMALLCONST       0012F2-007FFF              100

                                  Symbol Table

?_ObtenerDistancia        cstackCOMRAM 000001
?___aodiv                 cstackCOMRAM 000001
?___aomod                 cstackCOMRAM 000001
?_abs                     cstackCOMRAM 000013
?_printf                  cstackCOMRAM 00005C
?_vfprintf                cstackCOMRAM 000054
_ADCON1                   (abs)        000FC1
_ANSELB                   (abs)        000F5C
_ANSELD                   (abs)        000F5E
_Configuracion            text17       001264
_LATBbits                 (abs)        000F8A
_LATD                     (abs)        000F8C
_LCD_Init                 text15       001006
_OSCCON                   (abs)        000FD3
_ObtenerDistancia         text14       0012E0
_T0CON                    (abs)        000FD5
_TMR0                     (abs)        000FD6
_TMR0_Init                text13       0012D2
_TRISBbits                (abs)        000F93
_TRISD                    (abs)        000F95
_Ultrasonic_Init          text12       0012EA
__HRAM                    (abs)        000000
__Habs1                   abs1         000000
__Hbank0                  bank0        000000
__Hbank1                  bank1        000000
__Hbank2                  bank2        000000
__Hbank3                  bank3        000000
__Hbank4                  bank4        000000
__Hbank5                  bank5        000000
__Hbank6                  bank6        000000
__Hbank7                  bank7        000000
__Hbigbss                 bigbss       000000
__Hbigdata                bigdata      000000
__Hbigram                 bigram       000000
__Hbigsfr                 bigsfr       000000
__Hbss                    bss          000000
__HbssBANK0               bssBANK0     000000
__Hcinit                  cinit        000000
__Hclrtext                clrtext      000000
__Hcomram                 comram       000000
__Hconfig                 config       30000E
__Hconst                  const        000000
__HcstackBANK0            cstackBANK0  000000
__HcstackCOMRAM           cstackCOMRAM 000000
__Hdata                   data         000000
__Heeprom_data            eeprom_data  000000
__Hfarbss                 farbss       000000
__Hfardata                fardata      000000
__Hheap                   heap         000000
__Hibigdata               ibigdata     000000
__Hidata                  idata        000000
__Hidloc                  idloc        200008
__Hifardata               ifardata     000000
__Hinit                   init         000004
__Hintcode                intcode      000000
__Hintcode_body           intcode_body 000000
__Hintcodelo              intcodelo    000000
__Hintentry               intentry     000000
__Hintret                 intret       000000
__Hintsave_regs           intsave_regs 000000
__Hirdata                 irdata       000000
__Hmediumconst            mediumconst  000000
__HnvFARRAM               nvFARRAM     000000
__Hnvbit                  nvbit        000000
__Hnvrram                 nvrram       000000
__Hparam                  rparam       000000
__Hpowerup                powerup      000000
__Hram                    ram          000000
__Hramtop                 ramtop       000800
__Hrbit                   rbit         000000
__Hrbss                   rbss         000000
__Hrdata                  rdata        000000
__Hreset_vec              reset_vec    000000
__Hrparam                 rparam       000000
__Hsfr                    sfr          000000
__Hsmallconst             smallconst   000814
__Hspace_0                (abs)        0012F2
__Hspace_1                (abs)        00008B
__Hspace_2                (abs)        000000
__Hspace_4                (abs)        60000E
__Hstack                  stack        000000
__Hstruct                 struct       000000
__Htemp                   temp         000000
__Htext                   text         000000
__Htext0                  text0        000000
__Htext1                  text1        000000
__Htext10                 text10       000000
__Htext11                 text11       000000
__Htext12                 text12       000000
__Htext13                 text13       000000
__Htext14                 text14       000000
__Htext15                 text15       000000
__Htext16                 text16       000000
__Htext17                 text17       000000
__Htext2                  text2        000000
__Htext3                  text3        000000
__Htext4                  text4        000000
__Htext5                  text5        000000
__Htext6                  text6        000000
__Htext7                  text7        000000
__Htext8                  text8        000000
__Htext9                  text9        000000
__LRAM                    (abs)        000001
__Labs1                   abs1         000000
__Lbank0                  bank0        000000
__Lbank1                  bank1        000000
__Lbank2                  bank2        000000
__Lbank3                  bank3        000000
__Lbank4                  bank4        000000
__Lbank5                  bank5        000000
__Lbank6                  bank6        000000
__Lbank7                  bank7        000000
__Lbigbss                 bigbss       000000
__Lbigdata                bigdata      000000
__Lbigram                 bigram       000000
__Lbigsfr                 bigsfr       000000
__Lbss                    bss          000000
__LbssBANK0               bssBANK0     000000
__Lcinit                  cinit        000000
__Lclrtext                clrtext      000000
__Lcomram                 comram       000000
__Lconfig                 config       000000
__Lconst                  const        000000
__LcstackBANK0            cstackBANK0  000000
__LcstackCOMRAM           cstackCOMRAM 000000
__Ldata                   data         000000
__Leeprom_data            eeprom_data  000000
__Lfarbss                 farbss       000000
__Lfardata                fardata      000000
__Lheap                   heap         000000
__Libigdata               ibigdata     000000
__Lidata                  idata        000000
__Lidloc                  idloc        000000
__Lifardata               ifardata     000000
__Linit                   init         000000
__Lintcode                intcode      000000
__Lintcode_body           intcode_body 000000
__Lintcodelo              intcodelo    000000
__Lintentry               intentry     000000
__Lintret                 intret       000000
__Lintsave_regs           intsave_regs 000000
__Lirdata                 irdata       000000
__Lmediumconst            mediumconst  000000
__LnvFARRAM               nvFARRAM     000000
__Lnvbit                  nvbit        000000
__Lnvrram                 nvrram       000000
__Lparam                  rparam       000000
__Lpowerup                powerup      000000
__Lram                    ram          000000
__Lramtop                 ramtop       000800
__Lrbit                   rbit         000000
__Lrbss                   rbss         000000
__Lrdata                  rdata        000000
__Lreset_vec              reset_vec    000000
__Lrparam                 rparam       000000
__Lsfr                    sfr          000000
__Lsmallconst             smallconst   000800
__Lspace_0                (abs)        000000
__Lspace_1                (abs)        000000
__Lspace_2                (abs)        000000
__Lspace_4                (abs)        000000
__Lstack                  stack        000000
__Lstruct                 struct       000000
__Ltemp                   temp         000000
__Ltext                   text         000000
__Ltext0                  text0        000000
__Ltext1                  text1        000000
__Ltext10                 text10       000000
__Ltext11                 text11       000000
__Ltext12                 text12       000000
__Ltext13                 text13       000000
__Ltext14                 text14       000000
__Ltext15                 text15       000000
__Ltext16                 text16       000000
__Ltext17                 text17       000000
__Ltext2                  text2        000000
__Ltext3                  text3        000000
__Ltext4                  text4        000000
__Ltext5                  text5        000000
__Ltext6                  text6        000000
__Ltext7                  text7        000000
__Ltext8                  text8        000000
__Ltext9                  text9        000000
__S0                      (abs)        0012F2
__S1                      (abs)        00008B
__S4                      (abs)        000000
__S5                      (abs)        000000
___aodiv                  text11       000A90
___aodiv@counter          cstackCOMRAM 000011
___aodiv@dividend         cstackCOMRAM 000001
___aodiv@divisor          cstackCOMRAM 000009
___aodiv@quotient         cstackCOMRAM 000013
___aodiv@sign             cstackCOMRAM 000012
___aomod                  text10       000C18
___aomod@counter          cstackCOMRAM 000011
___aomod@dividend         cstackCOMRAM 000001
___aomod@divisor          cstackCOMRAM 000009
___aomod@sign             cstackCOMRAM 000012
___heap_hi                (abs)        000000
___heap_lo                (abs)        000000
___inthi_sp               stack        000000
___intlo_sp               stack        000000
___param_bank             (abs)        000000
___rparam_used            (abs)        000001
___sp                     stack        000000
__accesstop               (abs)        000060
__activetblptr            (abs)        000001
__end_of_Configuracion    text17       001290
__end_of_LCD_Init         text15       001090
__end_of_ObtenerDistancia text14       0012EA
__end_of_TMR0_Init        text13       0012E0
__end_of_Ultrasonic_Init  text12       0012F2
__end_of___aodiv          text11       000C18
__end_of___aomod          text10       000D7C
__end_of__initialization  cinit        0012C4
__end_of_abs              text9        001264
__end_of_dtoa             text4        000A90
__end_of_fputc            text7        001006
__end_of_fputs            text6        0011E2
__end_of_main             text0        000F70
__end_of_pad              text5        00110A
__end_of_printf           text1        0012B8
__end_of_putch            text8        00119E
__end_of_putcm            text16       001224
__end_of_vfpfcnvrt        text3        000ECA
__end_of_vfprintf         text2        001158
__initialization          cinit        0012B8
__mediumconst             mediumconst  000000
__pbssBANK0               bssBANK0     000060
__pcinit                  cinit        0012B8
__pcstackBANK0            cstackBANK0  000085
__pcstackCOMRAM           cstackCOMRAM 000001
__psmallconst             smallconst   000800
__ptext0                  text0        000ECA
__ptext1                  text1        001290
__ptext10                 text10       000C18
__ptext11                 text11       000A90
__ptext12                 text12       0012EA
__ptext13                 text13       0012D2
__ptext14                 text14       0012E0
__ptext15                 text15       001006
__ptext16                 text16       0011E2
__ptext17                 text17       001264
__ptext2                  text2        00110A
__ptext3                  text3        000D7C
__ptext4                  text4        000814
__ptext5                  text5        001090
__ptext6                  text6        00119E
__ptext7                  text7        000F70
__ptext8                  text8        001158
__ptext9                  text9        001224
__ramtop                  ramtop       000800
__smallconst              smallconst   000800
_abs                      text9        001224
_dbuf                     bssBANK0     000065
_dtoa                     text4        000814
_dtoa$674                 cstackCOMRAM 000031
_flags                    bssBANK0     000064
_fputc                    text7        000F70
_fputs                    text6        00119E
_main                     text0        000ECA
_pad                      text5        001090
_prec                     bssBANK0     000062
_printf                   text1        001290
_putch                    text8        001158
_putcm                    text16       0011E2
_vfpfcnvrt                text3        000D7C
_vfprintf                 text2        00110A
_width                    bssBANK0     000060
abs@a                     cstackCOMRAM 000013
dtoa@d                    cstackCOMRAM 000021
dtoa@fp                   cstackCOMRAM 00001F
dtoa@i                    cstackCOMRAM 00003F
dtoa@n                    cstackCOMRAM 000037
dtoa@p                    cstackCOMRAM 000033
dtoa@s                    cstackCOMRAM 000041
dtoa@w                    cstackCOMRAM 000035
end_of_initialization     cinit        0012C4
fputc@c                   cstackCOMRAM 000004
fputc@fp                  cstackCOMRAM 000006
fputs@c                   cstackCOMRAM 000011
fputs@fp                  cstackCOMRAM 00000F
fputs@i                   cstackCOMRAM 000012
fputs@s                   cstackCOMRAM 00000D
intlevel0                 text         000000
intlevel1                 text         000000
intlevel2                 text         000000
intlevel3                 text         000000
isa$std                   (abs)        000001
isa$xinst                 (abs)        000000
main@distancia            cstackBANK0  000089
pad@buf                   cstackCOMRAM 000016
pad@fp                    cstackCOMRAM 000014
pad@i                     cstackCOMRAM 00001B
pad@p                     cstackCOMRAM 000018
pad@w                     cstackCOMRAM 00001D
printf@ap                 cstackBANK0  000085
printf@fmt                cstackCOMRAM 00005C
putch@Activa              cstackCOMRAM 000003
putch@data                cstackCOMRAM 000002
putcm@Activa              cstackCOMRAM 000003
putcm@data                cstackCOMRAM 000002
stackhi                   (abs)        000000
stacklo                   (abs)        000000
start                     init         000000
start_initialization      cinit        0012B8
vfpfcnvrt@ap              cstackCOMRAM 000046
vfpfcnvrt@convarg         cstackCOMRAM 00004A
vfpfcnvrt@cp              cstackCOMRAM 000052
vfpfcnvrt@fmt             cstackCOMRAM 000044
vfpfcnvrt@fp              cstackCOMRAM 000042
vfprintf@ap               cstackCOMRAM 000058
vfprintf@cfmt             cstackCOMRAM 00005A
vfprintf@fmt              cstackCOMRAM 000056
vfprintf@fp               cstackCOMRAM 000054


MODULE INFORMATION

Module		Function		Class		Link	Load	Size
C:\Program Files\Microchip\xc8\v2.40\pic\sources\c99\common\nf_fputc.c
		_fputc         		CODE           	0F70	0000	150

C:\Program Files\Microchip\xc8\v2.40\pic\sources\c99\common\nf_fputc.c estimated size: 150

PF.c
		_putcm         		CODE           	11E2	0000	66
		_LCD_Init      		CODE           	1006	0000	138
		_putch         		CODE           	1158	0000	70
		_Ultrasonic_Init		CODE           	12EA	0000	8
		_main          		CODE           	0ECA	0000	166
		_TMR0_Init     		CODE           	12D2	0000	14
		_Configuracion 		CODE           	1264	0000	44
		_ObtenerDistancia		CODE           	12E0	0000	10

PF.c estimated size: 516

C:\Program Files\Microchip\xc8\v2.40\pic\sources\c99\common\abs.c
		_abs           		CODE           	1224	0000	64

C:\Program Files\Microchip\xc8\v2.40\pic\sources\c99\common\abs.c estimated size: 64

C:\Program Files\Microchip\xc8\v2.40\pic\sources\c99\common\printf.c
		_printf        		CODE           	1290	0000	40

C:\Program Files\Microchip\xc8\v2.40\pic\sources\c99\common\printf.c estimated size: 40

C:\Program Files\Microchip\xc8\v2.40\pic\sources\c99\common\nf_fputs.c
		_fputs         		CODE           	119E	0000	68

C:\Program Files\Microchip\xc8\v2.40\pic\sources\c99\common\nf_fputs.c estimated size: 68

C:\Program Files\Microchip\xc8\v2.40\pic\sources\c99\common\aomod.c
		___aomod       		CODE           	0C18	0000	356

C:\Program Files\Microchip\xc8\v2.40\pic\sources\c99\common\aomod.c estimated size: 356

shared
		__initialization		CODE           	12B8	0000	12

shared estimated size: 12

C:\Program Files\Microchip\xc8\v2.40\pic\sources\c99\common\doprnt.c
		_vfpfcnvrt     		CODE           	0D7C	0000	334
		_pad           		CODE           	1090	0000	122
		_dtoa          		CODE           	0814	0000	636
		_vfprintf      		CODE           	110A	0000	78

C:\Program Files\Microchip\xc8\v2.40\pic\sources\c99\common\doprnt.c estimated size: 1170

C:\Program Files\Microchip\xc8\v2.40\pic\sources\c99\common\aodiv.c
		___aodiv       		CODE           	0A90	0000	392

C:\Program Files\Microchip\xc8\v2.40\pic\sources\c99\common\aodiv.c estimated size: 392

