Microchip MPLAB XC8 Compiler V2.40

Linker command line:

-W-3 \
  --edf=C:\Program Files\Microchip\xc8\v2.40\pic\dat\20220703182018_en.msgs \
  -cn -h+dist/default/debug\proyecto.X.debug.sym \
  --cmf=dist/default/debug\proyecto.X.debug.cmf -z -Q18F45K50 \
  -oC:\Users\blasg\AppData\Local\Temp\xcAshbc.4 --defsym=__MPLAB_BUILD=1 \
  --fixupoverflow=error -Mdist/default/debug/proyecto.X.debug.map \
  --md=C:\Users\blasg\AppData\Local\Temp\xcAshbc.dat -E1 -ver=XC8 Compiler \
  --acfsm=1493 -ACODE=00h-07FFFh -ACONST=00h-07FFFh \
  -ASMALLCONST=0800h-08FFhx120 -AMEDIUMCONST=0800h-07FFFh -ACOMRAM=01h-05Fh \
  -AABS1=00h-07FFh -ABIGRAM=01h-07FFh -ARAM=060h-0FFh,0100h-01FFhx7 \
  -ABANK0=060h-0FFh -ABANK1=0100h-01FFh -ABANK2=0200h-02FFh \
  -ABANK3=0300h-03FFh -ABANK4=0400h-04FFh -ABANK5=0500h-05FFh \
  -ABANK6=0600h-06FFh -ABANK7=0700h-07FFh -ASFR=0F53h-0F5Fh,0F60h-0FFFh \
  -ABIGSFR=0F53h-0FFFh -ACONFIG=0300000h-030000Dh -AIDLOC=0200000h-0200007h \
  -AEEDATA=0F00000h-0F000FFh -peeprom_data=EEDATA \
  -preset_vec=00h,intcode,intcodelo,powerup,init -pramtop=0800h \
  -psmallconst=SMALLCONST -pmediumconst=MEDIUMCONST -pconst=CONST \
  -AFARRAM=00h-00h \
  -prdata=COMRAM,nvrram=COMRAM,nvbit=COMRAM,rbss=COMRAM,rbit=COMRAM \
  -pfarbss=FARRAM,fardata=FARRAM,nvFARRAM=FARRAM \
  -pintsave_regs=BIGRAM,bigbss=BIGRAM,bigdata=BIGRAM -pbss=RAM \
  -pidata=CODE,irdata=CODE,ibigdata=CODE,ifardata=CODE -prparam=COMRAM \
  C:\Users\blasg\AppData\Local\Temp\xcAshbc.o \
  dist/default/debug\proyecto.X.debug.o 

Object code version is 3.11

Machine type is 18F45K50



                Name                               Link     Load   Length Selector   Space Scale
C:\Users\blasg\AppData\Local\Temp\xcAshbc.o
                idloc                            200000   200000        8        0       5
                config                           300000   300000        E        0       4
                init                                  0        0        4        0       0
dist/default/debug\proyecto.X.debug.o
                idloc                            200000   200000        8        0       5
                config                           300000   300000        E        0       4
                smallconst                          800      800       1C      400       0
                text27                             2BE8     2BE8       28      40E       0
                text26                             2B06     2B06       42      40E       0
                text25                             27E6     27E6       8A      40E       0
                text24                             2A7C     2A7C       46      40E       0
                text23                             2C32     2C32        E      40E       0
                text22                             2C40     2C40        8      40E       0
                text21                             1B28     1B28      39A      40E       0
                text20                             26A6     26A6       AA      40E       0
                text19                             23F0     23F0      104      40E       0
                text18                             16FE     16FE      42A      40E       0
                text17                             2B88     2B88       38      40E       0
                text16                             123E     123E      4C0      40E       0
                text15                             2A36     2A36       46      40E       0
                text14                             22EA     22EA      106      40E       0
                text13                             24F4     24F4       FE      40E       0
                text12                             20D8     20D8      212      40E       0
                text11                             28EA     28EA       66      40E       0
                text10                             29A0     29A0       50      40E       0
                text9                              29F0     29F0       46      40E       0
                text8                              2750     2750       96      40E       0
                text7                              2AC2     2AC2       44      40E       0
                text6                              2870     2870       7A      40E       0
                text5                              2B48     2B48       40      40E       0
                text4                               81C      81C      A22      40E       0
                text3                              1EC2     1EC2      216      40E       0
                text2                              2950     2950       50      40E       0
                text1                              2BC0     2BC0       28      40E       0
                text0                              25F2     25F2       B4      40E       0
                cstackCOMRAM                          1        1       53        1       1
                cstackBANK0                          B4       B4       38       60       1
                bssBANK0                             60       60       54       60       1
                bssCOMRAM                            54       54        9        1       1
                cinit                              2C10     2C10       22      40E       0

TOTAL           Name                               Link     Load   Length     Space
        CLASS   CODE           
                init                                  0        0        4         0
                text27                             2BE8     2BE8       28         0
                text26                             2B06     2B06       42         0
                text25                             27E6     27E6       8A         0
                text24                             2A7C     2A7C       46         0
                text23                             2C32     2C32        E         0
                text22                             2C40     2C40        8         0
                text21                             1B28     1B28      39A         0
                text20                             26A6     26A6       AA         0
                text19                             23F0     23F0      104         0
                text18                             16FE     16FE      42A         0
                text17                             2B88     2B88       38         0
                text16                             123E     123E      4C0         0
                text15                             2A36     2A36       46         0
                text14                             22EA     22EA      106         0
                text13                             24F4     24F4       FE         0
                text12                             20D8     20D8      212         0
                text11                             28EA     28EA       66         0
                text10                             29A0     29A0       50         0
                text9                              29F0     29F0       46         0
                text8                              2750     2750       96         0
                text7                              2AC2     2AC2       44         0
                text6                              2870     2870       7A         0
                text5                              2B48     2B48       40         0
                text4                               81C      81C      A22         0
                text3                              1EC2     1EC2      216         0
                text2                              2950     2950       50         0
                text1                              2BC0     2BC0       28         0
                text0                              25F2     25F2       B4         0
                cinit                              2C10     2C10       22         0

        CLASS   CONST          

        CLASS   SMALLCONST     
                smallconst                          800      800       1C         0

        CLASS   MEDIUMCONST    

        CLASS   COMRAM         
                cstackCOMRAM                          1        1       53         1
                bssCOMRAM                            54       54        9         1

        CLASS   ABS1           

        CLASS   BIGRAM         

        CLASS   RAM            

        CLASS   BANK0          
                cstackBANK0                          B4       B4       38         1
                bssBANK0                             60       60       54         1

        CLASS   BANK1          

        CLASS   BANK2          

        CLASS   BANK3          

        CLASS   BANK4          

        CLASS   BANK5          

        CLASS   BANK6          

        CLASS   BANK7          

        CLASS   SFR            

        CLASS   BIGSFR         

        CLASS   CONFIG         
                config                           300000   300000        E         4

        CLASS   IDLOC          
                idloc                            200000   200000        8         5

        CLASS   EEDATA         

        CLASS   FARRAM         

        CLASS   HEAP           

        CLASS   STACK          



SEGMENTS        Name                           Load    Length   Top    Selector   Space  Class

                reset_vec                      000000  000004  000004         0       0  CODE    
                cstackCOMRAM                   000001  00005C  00005D         1       1  COMRAM  
                bssBANK0                       000060  00008C  0000EC        60       1  BANK0   
                smallconst                     000800  00001C  00081C       400       0  SMALLCON
                text4                          00081C  00242C  002C48       40E       0  CODE    


UNUSED ADDRESS RANGES

        Name                Unused          Largest block    Delta
        BANK0            0000EC-0000FF               14
        BANK1            000100-0001FF              100
        BANK2            000200-0002FF              100
        BANK3            000300-0003FF              100
        BANK4            000400-0004FF              100
        BANK5            000500-0005FF              100
        BANK6            000600-0006FF              100
        BANK7            000700-0007FF              100
        BIGRAM           00005D-00005F                3
                         0000EC-0007FF              714
        BIGSFR           000F53-000FFF               AD
        CODE             000004-0007FF              7FC
                         002C48-007FFF             53B8
        COMRAM           00005D-00005F                3
        CONST            000004-0007FF              7FC
                         002C48-007FFF             53B8
        EEDATA           F00000-F000FF              100
        MEDIUMCONST      002C48-007FFF             53B8
        RAM              0000EC-0007FF              100
        SFR              000F53-000FFF                D
        SMALLCONST       002C48-007FFF              100

                                  Symbol Table

?_ObtenerDistancia         cstackCOMRAM 000001
?___fladd                  cstackCOMRAM 000001
?___fldiv                  cstackCOMRAM 000001
?___flmul                  cstackCOMRAM 000001
?___flneg                  cstackCOMRAM 000001
?___flsub                  cstackCOMRAM 00001A
?___fltol                  cstackCOMRAM 000001
?___fpclassifyf            cstackCOMRAM 000001
?_floorf                   cstackCOMRAM 00001A
?_labs                     cstackCOMRAM 000001
?_printf                   cstackBANK0  0000E6
?_vfprintf                 cstackBANK0  0000E0
ObtenerDistancia@distancia cstackCOMRAM 000005
ObtenerDistancia@tiempo    cstackCOMRAM 000009
_ADCON1                    (abs)        000FC1
_ANSELD                    (abs)        000F5E
_Configuracion             text27       002BE8
_LATBbits                  (abs)        000F8A
_LATD                      (abs)        000F8C
_LCD_Init                  text25       0027E6
_OSCCON                    (abs)        000FD3
_ObtenerDistancia          text24       002A7C
_T0CON                     (abs)        000FD5
_TMR0                      (abs)        000FD6
_TMR0_Init                 text23       002C32
_TRISBbits                 (abs)        000F93
_TRISD                     (abs)        000F95
_Ultrasonic_Init           text22       002C40
__HRAM                     (abs)        000000
__Habs1                    abs1         000000
__Hbank0                   bank0        000000
__Hbank1                   bank1        000000
__Hbank2                   bank2        000000
__Hbank3                   bank3        000000
__Hbank4                   bank4        000000
__Hbank5                   bank5        000000
__Hbank6                   bank6        000000
__Hbank7                   bank7        000000
__Hbigbss                  bigbss       000000
__Hbigdata                 bigdata      000000
__Hbigram                  bigram       000000
__Hbigsfr                  bigsfr       000000
__Hbss                     bss          000000
__HbssBANK0                bssBANK0     000000
__HbssCOMRAM               bssCOMRAM    000000
__Hcinit                   cinit        000000
__Hclrtext                 clrtext      000000
__Hcomram                  comram       000000
__Hconfig                  config       30000E
__Hconst                   const        000000
__HcstackBANK0             cstackBANK0  000000
__HcstackCOMRAM            cstackCOMRAM 000000
__Hdata                    data         000000
__Heeprom_data             eeprom_data  000000
__Hfarbss                  farbss       000000
__Hfardata                 fardata      000000
__Hheap                    heap         000000
__Hibigdata                ibigdata     000000
__Hidata                   idata        000000
__Hidloc                   idloc        200008
__Hifardata                ifardata     000000
__Hinit                    init         000004
__Hintcode                 intcode      000000
__Hintcode_body            intcode_body 000000
__Hintcodelo               intcodelo    000000
__Hintentry                intentry     000000
__Hintret                  intret       000000
__Hintsave_regs            intsave_regs 000000
__Hirdata                  irdata       000000
__Hmediumconst             mediumconst  000000
__HnvFARRAM                nvFARRAM     000000
__Hnvbit                   nvbit        000000
__Hnvrram                  nvrram       000000
__Hparam                   rparam       000000
__Hpowerup                 powerup      000000
__Hram                     ram          000000
__Hramtop                  ramtop       000800
__Hrbit                    rbit         000000
__Hrbss                    rbss         000000
__Hrdata                   rdata        000000
__Hreset_vec               reset_vec    000000
__Hrparam                  rparam       000000
__Hsfr                     sfr          000000
__Hsmallconst              smallconst   00081C
__Hspace_0                 (abs)        002C48
__Hspace_1                 (abs)        0000EC
__Hspace_2                 (abs)        000000
__Hspace_4                 (abs)        60000E
__Hstack                   stack        000000
__Hstruct                  struct       000000
__Htemp                    temp         000000
__Htext                    text         000000
__Htext0                   text0        000000
__Htext1                   text1        000000
__Htext10                  text10       000000
__Htext11                  text11       000000
__Htext12                  text12       000000
__Htext13                  text13       000000
__Htext14                  text14       000000
__Htext15                  text15       000000
__Htext16                  text16       000000
__Htext17                  text17       000000
__Htext18                  text18       000000
__Htext19                  text19       000000
__Htext2                   text2        000000
__Htext20                  text20       000000
__Htext21                  text21       000000
__Htext22                  text22       000000
__Htext23                  text23       000000
__Htext24                  text24       000000
__Htext25                  text25       000000
__Htext26                  text26       000000
__Htext27                  text27       000000
__Htext3                   text3        000000
__Htext4                   text4        000000
__Htext5                   text5        000000
__Htext6                   text6        000000
__Htext7                   text7        000000
__Htext8                   text8        000000
__Htext9                   text9        000000
__LRAM                     (abs)        000001
__Labs1                    abs1         000000
__Lbank0                   bank0        000000
__Lbank1                   bank1        000000
__Lbank2                   bank2        000000
__Lbank3                   bank3        000000
__Lbank4                   bank4        000000
__Lbank5                   bank5        000000
__Lbank6                   bank6        000000
__Lbank7                   bank7        000000
__Lbigbss                  bigbss       000000
__Lbigdata                 bigdata      000000
__Lbigram                  bigram       000000
__Lbigsfr                  bigsfr       000000
__Lbss                     bss          000000
__LbssBANK0                bssBANK0     000000
__LbssCOMRAM               bssCOMRAM    000000
__Lcinit                   cinit        000000
__Lclrtext                 clrtext      000000
__Lcomram                  comram       000000
__Lconfig                  config       000000
__Lconst                   const        000000
__LcstackBANK0             cstackBANK0  000000
__LcstackCOMRAM            cstackCOMRAM 000000
__Ldata                    data         000000
__Leeprom_data             eeprom_data  000000
__Lfarbss                  farbss       000000
__Lfardata                 fardata      000000
__Lheap                    heap         000000
__Libigdata                ibigdata     000000
__Lidata                   idata        000000
__Lidloc                   idloc        000000
__Lifardata                ifardata     000000
__Linit                    init         000000
__Lintcode                 intcode      000000
__Lintcode_body            intcode_body 000000
__Lintcodelo               intcodelo    000000
__Lintentry                intentry     000000
__Lintret                  intret       000000
__Lintsave_regs            intsave_regs 000000
__Lirdata                  irdata       000000
__Lmediumconst             mediumconst  000000
__LnvFARRAM                nvFARRAM     000000
__Lnvbit                   nvbit        000000
__Lnvrram                  nvrram       000000
__Lparam                   rparam       000000
__Lpowerup                 powerup      000000
__Lram                     ram          000000
__Lramtop                  ramtop       000800
__Lrbit                    rbit         000000
__Lrbss                    rbss         000000
__Lrdata                   rdata        000000
__Lreset_vec               reset_vec    000000
__Lrparam                  rparam       000000
__Lsfr                     sfr          000000
__Lsmallconst              smallconst   000800
__Lspace_0                 (abs)        000000
__Lspace_1                 (abs)        000000
__Lspace_2                 (abs)        000000
__Lspace_4                 (abs)        000000
__Lstack                   stack        000000
__Lstruct                  struct       000000
__Ltemp                    temp         000000
__Ltext                    text         000000
__Ltext0                   text0        000000
__Ltext1                   text1        000000
__Ltext10                  text10       000000
__Ltext11                  text11       000000
__Ltext12                  text12       000000
__Ltext13                  text13       000000
__Ltext14                  text14       000000
__Ltext15                  text15       000000
__Ltext16                  text16       000000
__Ltext17                  text17       000000
__Ltext18                  text18       000000
__Ltext19                  text19       000000
__Ltext2                   text2        000000
__Ltext20                  text20       000000
__Ltext21                  text21       000000
__Ltext22                  text22       000000
__Ltext23                  text23       000000
__Ltext24                  text24       000000
__Ltext25                  text25       000000
__Ltext26                  text26       000000
__Ltext27                  text27       000000
__Ltext3                   text3        000000
__Ltext4                   text4        000000
__Ltext5                   text5        000000
__Ltext6                   text6        000000
__Ltext7                   text7        000000
__Ltext8                   text8        000000
__Ltext9                   text9        000000
__S0                       (abs)        002C48
__S1                       (abs)        0000EC
__S4                       (abs)        000000
__S5                       (abs)        000000
___fladd                   text16       00123E
___fladd@a                 cstackCOMRAM 000005
___fladd@aexp              cstackCOMRAM 00000E
___fladd@b                 cstackCOMRAM 000001
___fladd@bexp              cstackCOMRAM 00000F
___fladd@grs               cstackCOMRAM 000010
___fladd@signs             cstackCOMRAM 00000D
___fldiv                   text21       001B28
___fldiv@a                 cstackCOMRAM 000005
___fldiv@aexp              cstackCOMRAM 000019
___fldiv@b                 cstackCOMRAM 000001
___fldiv@bexp              cstackCOMRAM 000018
___fldiv@grs               cstackCOMRAM 000014
___fldiv@new_exp           cstackCOMRAM 000012
___fldiv@rem               cstackCOMRAM 00000D
___fldiv@sign              cstackCOMRAM 000011
___fleq                    text20       0026A6
___fleq@ff1                cstackCOMRAM 000001
___fleq@ff2                cstackCOMRAM 000005
___flge                    text19       0023F0
___flge@ff1                cstackCOMRAM 00001A
___flge@ff2                cstackCOMRAM 00001E
___flmul                   text18       0016FE
___flmul@a                 cstackCOMRAM 000005
___flmul@aexp              cstackCOMRAM 000012
___flmul@b                 cstackCOMRAM 000001
___flmul@bexp              cstackCOMRAM 000013
___flmul@grs               cstackCOMRAM 00000E
___flmul@prod              cstackCOMRAM 000014
___flmul@sign              cstackCOMRAM 00000D
___flmul@temp              cstackCOMRAM 000018
___flneg                   text17       002B88
___flneg@f1                cstackCOMRAM 000001
___flsub                   text15       002A36
___flsub@a                 cstackCOMRAM 00001E
___flsub@b                 cstackCOMRAM 00001A
___fltol                   text14       0022EA
___fltol@exp1              cstackCOMRAM 00000A
___fltol@f1                cstackCOMRAM 000001
___fltol@sign1             cstackCOMRAM 000009
___fpclassifyf             text13       0024F4
___fpclassifyf@F465        bssCOMRAM    000054
___fpclassifyf@e           cstackCOMRAM 000009
___fpclassifyf@u           cstackCOMRAM 00000B
___fpclassifyf@x           cstackCOMRAM 000001
___heap_hi                 (abs)        000000
___heap_lo                 (abs)        000000
___inthi_sp                stack        000000
___intlo_sp                stack        000000
___param_bank              (abs)        000000
___rparam_used             (abs)        000001
___sp                      stack        000000
__accesstop                (abs)        000060
__activetblptr             (abs)        000002
__end_of_Configuracion     text27       002C10
__end_of_LCD_Init          text25       002870
__end_of_ObtenerDistancia  text24       002AC2
__end_of_TMR0_Init         text23       002C40
__end_of_Ultrasonic_Init   text22       002C48
__end_of___fladd           text16       0016FE
__end_of___fldiv           text21       001EC2
__end_of___fleq            text20       002750
__end_of___flge            text19       0024F4
__end_of___flmul           text18       001B28
__end_of___flneg           text17       002BC0
__end_of___flsub           text15       002A7C
__end_of___fltol           text14       0023F0
__end_of___fpclassifyf     text13       0025F2
__end_of__initialization   cinit        002C28
__end_of_efgtoa            text4        00123E
__end_of_floorf            text12       0022EA
__end_of_fputc             text8        0027E6
__end_of_fputs             text7        002B06
__end_of_labs              text11       002950
__end_of_main              text0        0026A6
__end_of_memcpy            text10       0029F0
__end_of_pad               text6        0028EA
__end_of_printf            text1        002BE8
__end_of_putch             text9        002A36
__end_of_putcm             text26       002B48
__end_of_strcpy            text5        002B88
__end_of_vfpfcnvrt         text3        0020D8
__end_of_vfprintf          text2        0029A0
__initialization           cinit        002C10
__mediumconst              mediumconst  000000
__pbssBANK0                bssBANK0     000060
__pbssCOMRAM               bssCOMRAM    000054
__pcinit                   cinit        002C10
__pcstackBANK0             cstackBANK0  0000B4
__pcstackCOMRAM            cstackCOMRAM 000001
__psmallconst              smallconst   000800
__ptext0                   text0        0025F2
__ptext1                   text1        002BC0
__ptext10                  text10       0029A0
__ptext11                  text11       0028EA
__ptext12                  text12       0020D8
__ptext13                  text13       0024F4
__ptext14                  text14       0022EA
__ptext15                  text15       002A36
__ptext16                  text16       00123E
__ptext17                  text17       002B88
__ptext18                  text18       0016FE
__ptext19                  text19       0023F0
__ptext2                   text2        002950
__ptext20                  text20       0026A6
__ptext21                  text21       001B28
__ptext22                  text22       002C40
__ptext23                  text23       002C32
__ptext24                  text24       002A7C
__ptext25                  text25       0027E6
__ptext26                  text26       002B06
__ptext27                  text27       002BE8
__ptext3                   text3        001EC2
__ptext4                   text4        00081C
__ptext5                   text5        002B48
__ptext6                   text6        002870
__ptext7                   text7        002AC2
__ptext8                   text8        002750
__ptext9                   text9        0029F0
__ramtop                   ramtop       000800
__smallconst               smallconst   000800
_dbuf                      bssBANK0     000064
_efgtoa                    text4        00081C
_efgtoa$721                cstackBANK0  0000BA
_flags                     bssCOMRAM    00005C
_floorf                    text12       0020D8
_fputc                     text8        002750
_fputs                     text7        002AC2
_labs                      text11       0028EA
_main                      text0        0025F2
_memcpy                    text10       0029A0
_pad                       text6        002870
_prec                      bssCOMRAM    00005A
_printf                    text1        002BC0
_putch                     text9        0029F0
_putcm                     text26       002B06
_strcpy                    text5        002B48
_vfpfcnvrt                 text3        001EC2
_vfprintf                  text2        002950
_width                     bssCOMRAM    000058
efgtoa@c                   cstackCOMRAM 000034
efgtoa@d                   cstackBANK0  0000BF
efgtoa@e                   cstackBANK0  0000C3
efgtoa@f                   cstackCOMRAM 000030
efgtoa@fp                  cstackCOMRAM 00002E
efgtoa@g                   cstackBANK0  0000D8
efgtoa@h                   cstackBANK0  0000CD
efgtoa@i                   cstackBANK0  0000CB
efgtoa@l                   cstackBANK0  0000D1
efgtoa@m                   cstackBANK0  0000C1
efgtoa@mode                cstackBANK0  0000BD
efgtoa@n                   cstackBANK0  0000D6
efgtoa@ne                  cstackBANK0  0000B4
efgtoa@nmode               cstackBANK0  0000BE
efgtoa@ou                  cstackBANK0  0000C7
efgtoa@p                   cstackBANK0  0000B6
efgtoa@pp                  cstackBANK0  0000BC
efgtoa@sign                cstackBANK0  0000D5
efgtoa@t                   cstackBANK0  0000B8
efgtoa@u                   cstackBANK0  0000DC
efgtoa@w                   cstackBANK0  0000C5
end_of_initialization      cinit        002C28
floorf@F526                bssBANK0     000060
floorf@e                   cstackCOMRAM 000028
floorf@m                   cstackCOMRAM 000024
floorf@u                   cstackCOMRAM 00002A
floorf@x                   cstackCOMRAM 00001A
fputc@c                    cstackCOMRAM 000004
fputc@fp                   cstackCOMRAM 000006
fputs@c                    cstackCOMRAM 000011
fputs@fp                   cstackCOMRAM 00000F
fputs@i                    cstackCOMRAM 000012
fputs@s                    cstackCOMRAM 00000D
intlevel0                  text         000000
intlevel1                  text         000000
intlevel2                  text         000000
intlevel3                  text         000000
isa$std                    (abs)        000001
isa$xinst                  (abs)        000000
labs@a                     cstackCOMRAM 000001
main@distancia             cstackCOMRAM 000050
memcpy@d                   cstackCOMRAM 000007
memcpy@d1                  cstackCOMRAM 000001
memcpy@n                   cstackCOMRAM 000005
memcpy@s                   cstackCOMRAM 000009
memcpy@s1                  cstackCOMRAM 000003
memcpy@tmp                 cstackCOMRAM 00000B
pad@buf                    cstackCOMRAM 000016
pad@fp                     cstackCOMRAM 000014
pad@i                      cstackCOMRAM 00001B
pad@p                      cstackCOMRAM 000018
pad@w                      cstackCOMRAM 00001D
printf@ap                  cstackCOMRAM 00004C
printf@fmt                 cstackBANK0  0000E6
putch@Activa               cstackCOMRAM 000003
putch@data                 cstackCOMRAM 000002
putcm@Activa               cstackCOMRAM 000003
putcm@data                 cstackCOMRAM 000002
stackhi                    (abs)        000000
stacklo                    (abs)        000000
start                      init         000000
start_initialization       cinit        002C10
strcpy@d                   cstackCOMRAM 000007
strcpy@dest                cstackCOMRAM 000001
strcpy@s                   cstackCOMRAM 000005
strcpy@src                 cstackCOMRAM 000003
vfpfcnvrt@ap               cstackCOMRAM 00003B
vfpfcnvrt@c                cstackCOMRAM 000047
vfpfcnvrt@convarg          cstackCOMRAM 00003F
vfpfcnvrt@cp               cstackCOMRAM 000048
vfpfcnvrt@fmt              cstackCOMRAM 000039
vfpfcnvrt@fp               cstackCOMRAM 000037
vfprintf@ap                cstackBANK0  0000E4
vfprintf@cfmt              cstackCOMRAM 00004A
vfprintf@fmt               cstackBANK0  0000E2
vfprintf@fp                cstackBANK0  0000E0


MODULE INFORMATION

Module		Function		Class		Link	Load	Size
C:\Program Files\Microchip\xc8\v2.40\pic\sources\c99\common\sprcmul.c
		___flmul       		CODE           	16FE	0000	1066

C:\Program Files\Microchip\xc8\v2.40\pic\sources\c99\common\sprcmul.c estimated size: 1066

C:\Program Files\Microchip\xc8\v2.40\pic\sources\c99\common\nf_fputc.c
		_fputc         		CODE           	2750	0000	150

C:\Program Files\Microchip\xc8\v2.40\pic\sources\c99\common\nf_fputc.c estimated size: 150

C:\Program Files\Microchip\xc8\v2.40\pic\sources\c99\common\sprcdiv.c
		___fldiv       		CODE           	1B28	0000	922

C:\Program Files\Microchip\xc8\v2.40\pic\sources\c99\common\sprcdiv.c estimated size: 922

C:\Program Files\Microchip\xc8\v2.40\pic\sources\c99\common\memcpy.c
		_memcpy        		CODE           	29A0	0000	80

C:\Program Files\Microchip\xc8\v2.40\pic\sources\c99\common\memcpy.c estimated size: 80

C:\Program Files\Microchip\xc8\v2.40\pic\sources\c99\common\fltol.c
		___fltol       		CODE           	22EA	0000	262

C:\Program Files\Microchip\xc8\v2.40\pic\sources\c99\common\fltol.c estimated size: 262

C:\Program Files\Microchip\xc8\v2.40\pic\sources\c99\common\fleq.c
		___fleq        		CODE           	26A6	0000	170

C:\Program Files\Microchip\xc8\v2.40\pic\sources\c99\common\fleq.c estimated size: 170

PF.c
		_putcm         		CODE           	2B06	0000	66
		_LCD_Init      		CODE           	27E6	0000	138
		_putch         		CODE           	29F0	0000	70
		_Ultrasonic_Init		CODE           	2C40	0000	8
		_main          		CODE           	25F2	0000	180
		_TMR0_Init     		CODE           	2C32	0000	14
		_Configuracion 		CODE           	2BE8	0000	40
		_ObtenerDistancia		CODE           	2A7C	0000	70

PF.c estimated size: 586

C:\Program Files\Microchip\xc8\v2.40\pic\sources\c99\common\printf.c
		_printf        		CODE           	2BC0	0000	40

C:\Program Files\Microchip\xc8\v2.40\pic\sources\c99\common\printf.c estimated size: 40

C:\Program Files\Microchip\xc8\v2.40\pic\sources\c99\common\__fpclassifyf.c
		___fpclassifyf 		CODE           	24F4	0000	254

C:\Program Files\Microchip\xc8\v2.40\pic\sources\c99\common\__fpclassifyf.c estimated size: 254

C:\Program Files\Microchip\xc8\v2.40\pic\sources\c99\common\sprcadd.c
		___flsub       		CODE           	2A36	0000	70
		___fladd       		CODE           	123E	0000	1216

C:\Program Files\Microchip\xc8\v2.40\pic\sources\c99\common\sprcadd.c estimated size: 1286

C:\Program Files\Microchip\xc8\v2.40\pic\sources\c99\common\floorf.c
		_floorf        		CODE           	20D8	0000	530

C:\Program Files\Microchip\xc8\v2.40\pic\sources\c99\common\floorf.c estimated size: 530

C:\Program Files\Microchip\xc8\v2.40\pic\sources\c99\common\flneg.c
		___flneg       		CODE           	2B88	0000	56

C:\Program Files\Microchip\xc8\v2.40\pic\sources\c99\common\flneg.c estimated size: 56

C:\Program Files\Microchip\xc8\v2.40\pic\sources\c99\common\labs.c
		_labs          		CODE           	28EA	0000	102

C:\Program Files\Microchip\xc8\v2.40\pic\sources\c99\common\labs.c estimated size: 102

C:\Program Files\Microchip\xc8\v2.40\pic\sources\c99\common\nf_fputs.c
		_fputs         		CODE           	2AC2	0000	68

C:\Program Files\Microchip\xc8\v2.40\pic\sources\c99\common\nf_fputs.c estimated size: 68

shared
		__initialization		CODE           	2C10	0000	24

shared estimated size: 24

C:\Program Files\Microchip\xc8\v2.40\pic\sources\c99\common\strcpy.c
		_strcpy        		CODE           	2B48	0000	64

C:\Program Files\Microchip\xc8\v2.40\pic\sources\c99\common\strcpy.c estimated size: 64

C:\Program Files\Microchip\xc8\v2.40\pic\sources\c99\common\flge.c
		___flge        		CODE           	23F0	0000	260

C:\Program Files\Microchip\xc8\v2.40\pic\sources\c99\common\flge.c estimated size: 260

C:\Program Files\Microchip\xc8\v2.40\pic\sources\c99\common\doprnt.c
		_vfpfcnvrt     		CODE           	1EC2	0000	534
		_efgtoa        		CODE           	081C	0000	2594
		_pad           		CODE           	2870	0000	122
		_vfprintf      		CODE           	2950	0000	80

C:\Program Files\Microchip\xc8\v2.40\pic\sources\c99\common\doprnt.c estimated size: 3330

